
user@DESKTOP-UJPV1F6 MINGW64 /b
$ mkdir myproject

user@DESKTOP-UJPV1F6 MINGW64 /b
$ cd myproject

user@DESKTOP-UJPV1F6 MINGW64 /b/myproject
$ git init
Initialized empty Git repository in B:/myproject/.git/

user@DESKTOP-UJPV1F6 MINGW64 /b/myproject (master)
$ ls
index.html  index.txt

user@DESKTOP-UJPV1F6 MINGW64 /b/myproject (master)
$ git status
On branch master

No commits yet

Untracked files:
  (use "git add <file>..." to include in what will be committed)
        index.html
        index.txt

nothing added to commit but untracked files present (use "git add" to track)


user@DESKTOP-UJPV1F6 MINGW64 /b/myproject (master)
$ git add
Nothing specified, nothing added.
hint: Maybe you wanted to say 'git add .'?
hint: Disable this message with "git config advice.addEmptyPathspec false"

user@DESKTOP-UJPV1F6 MINGW64 /b/myproject (master)
$ git add index.html

user@DESKTOP-UJPV1F6 MINGW64 /b/myproject (master)
$ git status
On branch master

No commits yet

Changes to be committed:
  (use "git rm --cached <file>..." to unstage)
        new file:   index.html

Untracked files:
  (use "git add <file>..." to include in what will be committed)
        index.txt


user@DESKTOP-UJPV1F6 MINGW64 /b/myproject (master)
$ ls
README.md  index.html

user@DESKTOP-UJPV1F6 MINGW64 /b/myproject (master)
$ ls
README.md  bluestyle.css  index.html

user@DESKTOP-UJPV1F6 MINGW64 /b/myproject (master)
$ git status
On branch master

No commits yet

Changes to be committed:
  (use "git rm --cached <file>..." to unstage)
        new file:   index.html

Changes not staged for commit:
  (use "git add <file>..." to update what will be committed)
  (use "git restore <file>..." to discard changes in working directory)
        modified:   index.html

Untracked files:
  (use "git add <file>..." to include in what will be committed)
        README.md
        bluestyle.css


user@DESKTOP-UJPV1F6 MINGW64 /b/myproject (master)
$ git add --all

user@DESKTOP-UJPV1F6 MINGW64 /b/myproject (master)
$ git status
On branch master

No commits yet

Changes to be committed:
  (use "git rm --cached <file>..." to unstage)
        new file:   README.md
        new file:   bluestyle.css
        new file:   index.html


user@DESKTOP-UJPV1F6 MINGW64 /b/myproject (master)
$ git commit -m "First release of Hello World!"
[master (root-commit) c224b5d] First release of Hello World!
 3 files changed, 26 insertions(+)
 create mode 100644 README.md
 create mode 100644 bluestyle.css
 create mode 100644 index.html

user@DESKTOP-UJPV1F6 MINGW64 /b/myproject (master)
$ git status --short
 M index.html

// shows the file in which changes had been made with --short command




